prisma/seeds/seed.ts(12,27): error TS2339: Property 'shop' does not exist on type 'PrismaClient<PrismaClientOptions, never, DefaultArgs>'.
prisma/seeds/seed.ts(14,25): error TS2339: Property 'shop' does not exist on type 'PrismaClient<PrismaClientOptions, never, DefaultArgs>'.
prisma/seeds/seed.ts(24,7): error TS2353: Object literal may only specify known properties, and 'shopRoles' does not exist in type '(Without<UserCreateInput, UserUncheckedCreateInput> & UserUncheckedCreateInput) | (Without<...> & UserCreateInput)'.
prisma/seeds/seed.ts(40,7): error TS2353: Object literal may only specify known properties, and 'shopRoles' does not exist in type '(Without<UserCreateInput, UserUncheckedCreateInput> & UserUncheckedCreateInput) | (Without<...> & UserCreateInput)'.
src/app.module.ts(4,19): error TS2307: Cannot find module 'ioredis' or its corresponding type declarations.
src/app.module.ts(23,10): error TS2339: Property 'disconnect' does not exist on type 'RedisClient'.
src/modules/auth/auth.service.ts(101,18): error TS2353: Object literal may only specify known properties, and 'shopRoles' does not exist in type 'UserInclude<DefaultArgs>'.
src/modules/auth/auth.service.ts(128,18): error TS2339: Property 'shopRoles' does not exist on type '{ id: string; email: string; password: string; name: string; role: Role; isActive: boolean; refreshToken: string | null; createdAt: Date; updatedAt: Date; }'.
src/modules/auth/auth.service.ts(163,9): error TS2353: Object literal may only specify known properties, and 'shopRoles' does not exist in type '(Without<UserCreateInput, UserUncheckedCreateInput> & UserUncheckedCreateInput) | (Without<...> & UserCreateInput)'.
src/modules/auth/auth.service.ts(181,9): error TS2353: Object literal may only specify known properties, and 'shopRoles' does not exist in type 'UserSelect<DefaultArgs>'.
src/modules/auth/auth.service.ts(189,18): error TS2339: Property 'shopRoles' does not exist on type '{ id: string; email: string; password: string; name: string; role: Role; isActive: boolean; refreshToken: string | null; createdAt: Date; updatedAt: Date; }'.
src/modules/auth/auth.service.ts(204,37): error TS2353: Object literal may only specify known properties, and 'shopRoles' does not exist in type 'UserInclude<DefaultArgs>'.
src/modules/auth/auth.service.ts(216,35): error TS2339: Property 'user' does not exist on type '{ id: string; createdAt: Date; token: string; userId: string; expiresAt: Date; ipAddress: string | null; userAgent: string | null; }'.
src/modules/auth/auth.service.ts(223,19): error TS2339: Property 'user' does not exist on type '{ id: string; createdAt: Date; token: string; userId: string; expiresAt: Date; ipAddress: string | null; userAgent: string | null; }'.
src/modules/auth/auth.service.ts(226,22): error TS2339: Property 'user' does not exist on type '{ id: string; createdAt: Date; token: string; userId: string; expiresAt: Date; ipAddress: string | null; userAgent: string | null; }'.
src/modules/auth/auth.service.ts(229,21): error TS2339: Property 'user' does not exist on type '{ id: string; createdAt: Date; token: string; userId: string; expiresAt: Date; ipAddress: string | null; userAgent: string | null; }'.
src/modules/auth/auth.service.ts(231,21): error TS2339: Property 'user' does not exist on type '{ id: string; createdAt: Date; token: string; userId: string; expiresAt: Date; ipAddress: string | null; userAgent: string | null; }'.
src/modules/auth/auth.service.ts(234,25): error TS2339: Property 'user' does not exist on type '{ id: string; createdAt: Date; token: string; userId: string; expiresAt: Date; ipAddress: string | null; userAgent: string | null; }'.
src/modules/auth/auth.service.ts(237,26): error TS2339: Property 'user' does not exist on type '{ id: string; createdAt: Date; token: string; userId: string; expiresAt: Date; ipAddress: string | null; userAgent: string | null; }'.
src/modules/users/users.service.ts(10,52): error TS2353: Object literal may only specify known properties, and 'shopRoles' does not exist in type 'UserSelect<DefaultArgs>'.
